<html>
<body>
<pre>
<h1>礦ision Build Log</h1>
<h2>Tool Versions:</h2>
IDE-Version: μVision V5.14.0.0
Copyright (C) 2015 ARM Ltd and ARM Germany GmbH. All rights reserved.
License Information: qiugguang qiuguang, qiuguang, LIC=9WSKC-74LCC-2ZIW4-FZ106-FR87V-37X1B
 
Tool Versions:
Toolchain:       MDK-ARM Standard  Version: 5.14.0.0
Toolchain Path:  D:\keil_v5\keil5_install_location\ARM\ARMCC\Bin
C Compiler:      Armcc.exe V5.05 update 1 (build 106)
Assembler:       Armasm.exe V5.05 update 1 (build 106)
Linker/Locator:  ArmLink.exe V5.05 update 1 (build 106)
Library Manager: ArmAr.exe V5.05 update 1 (build 106)
Hex Converter:   FromElf.exe V5.05 update 1 (build 106)
CPU DLL:         SARMCM3.DLL V5.14.0.0
Dialog DLL:      DCM.DLL V1.13.1.0
Target DLL:      Segger\JL2CM3.dll V2.99.13.0
Dialog DLL:      TCM.DLL V1.14.4.0
 
<h2>Project:</h2>
D:\新加卷E\比赛项目\智能药箱\Smart_Medicine_Box-master\USER\Template.uvprojx
Project File Date:  09/17/2020

<h2>Output:</h2>
Build target 'SmartCar'
compiling main.c...
..\INC\key.h(14): warning:  #1295-D: Deprecated declaration KEY_Scan2 - give arg types
  u8 KEY_Scan2();
..\INC\usart3.h(24): warning:  #47-D: incompatible redefinition of macro "USART_REC_LEN" (declared at line 29 of "..\SYSTEM\usart\usart.h")
  #define USART_REC_LEN                         600     //定义最大接收字节数 600
..\INC\counterInit.h(4): warning:  #1295-D: Deprecated declaration counterInit - give arg types
  void counterInit();
..\INC\counterInit.h(5): warning:  #1295-D: Deprecated declaration TimerCount - give arg types
  void TimerCount();
..\INC\Greay_Init2.h(8): warning:  #1295-D: Deprecated declaration Greay_Init2 - give arg types
  void Greay_Init2();
..\INC\Greay_Init2.h(10): warning:  #1-D: last line of file ends without a newline
  #endif
..\INC\sendMedicine.h(5): warning:  #1295-D: Deprecated declaration sendMedicine - give arg types
  u8 sendMedicine();
..\INC\sendMedicine.h(8): warning:  #1-D: last line of file ends without a newline
  #endif
main.c: 8 warnings, 0 errors
linking...
Program Size: Code=81652 RO-data=7576 RW-data=404 ZI-data=10036  
FromELF: creating hex file...
"..\OBJ\Template.axf" - 0 Error(s), 8 Warning(s).

<h2>Collection of Component include folders:</h2>
  D:\新加卷E\比赛项目\智能药箱\Smart_Medicine_Box-master\USER\RTE
  D:\keil_v5\keil5_install_location\ARM\PACK\Keil\STM32F4xx_DFP\2.2.0\Drivers\CMSIS\Device\ST\STM32F4xx\Include

<h2>Collection of Component Files used:</h2>
</pre>
</body>
</html>
