Component: ARM Compiler 5.05 update 1 (build 106) Tool: armlink [4d0efa]

==============================================================================

Section Cross References

    main.o(.text) refers to delay.o(.text) for delay_init
    main.o(.text) refers to pwm.o(.text) for TIM5_PWM_Init
    main.o(.text) refers to led.o(.text) for LED_Init
    main.o(.text) refers to beep.o(.text) for BEEP_Init
    main.o(.text) refers to usart.o(.text) for uart_init
    main.o(.text) refers to dio.o(.text) for Infrared_sensor_Init
    main.o(.text) refers to usart3.o(.text) for usart3_init
    main.o(.text) refers to ili93xx.o(.text) for LCD_Init
    main.o(.text) refers to dht11.o(.text) for DHT11_Init
    main.o(.text) refers to greay_init2.o(.text) for Greay_Init2
    main.o(.text) refers to key.o(.text) for KEY_Init
    main.o(.text) refers to sendmedicine.o(.text) for sendMedicine
    main.o(.text) refers to onenet.o(.text) for OneNet_SendData
    main.o(.text) refers to esp8266.o(.text) for ESP8266_Clear
    main.o(.text) refers to ili93xx.o(.data) for POINT_COLOR
    main.o(.text) refers to main.o(.data) for keyConfirm
    main.o(.text) refers to onenet.o(.data) for temp
    main.o(.text) refers to key.o(.data) for pill4
    system_stm32f4xx.o(.text) refers to system_stm32f4xx.o(.data) for SystemCoreClock
    startup_stm32f40_41xxx.o(RESET) refers to startup_stm32f40_41xxx.o(STACK) for __initial_sp
    startup_stm32f40_41xxx.o(RESET) refers to startup_stm32f40_41xxx.o(.text) for Reset_Handler
    startup_stm32f40_41xxx.o(RESET) refers to stm32f4xx_it.o(.text) for NMI_Handler
    startup_stm32f40_41xxx.o(RESET) refers to os_cpu_a.o(CODE) for PendSV_Handler
    startup_stm32f40_41xxx.o(RESET) refers to delay.o(.text) for SysTick_Handler
    startup_stm32f40_41xxx.o(RESET) refers to usart.o(.text) for USART1_IRQHandler
    startup_stm32f40_41xxx.o(RESET) refers to usart3.o(.text) for USART3_IRQHandler
    startup_stm32f40_41xxx.o(RESET) refers to dio.o(.text) for TIM6_DAC_IRQHandler
    startup_stm32f40_41xxx.o(.text) refers to system_stm32f4xx.o(.text) for SystemInit
    startup_stm32f40_41xxx.o(.text) refers to entry.o(.ARM.Collect$$$$00000000) for __main
    stm32f4xx_gpio.o(.text) refers to stm32f4xx_rcc.o(.text) for RCC_AHB1PeriphResetCmd
    stm32f4xx_rcc.o(.text) refers to stm32f4xx_rcc.o(.data) for APBAHBPrescTable
    stm32f4xx_syscfg.o(.text) refers to stm32f4xx_rcc.o(.text) for RCC_APB2PeriphResetCmd
    stm32f4xx_usart.o(.text) refers to stm32f4xx_rcc.o(.text) for RCC_APB2PeriphResetCmd
    stm32f4xx_can.o(.text) refers to stm32f4xx_rcc.o(.text) for RCC_APB1PeriphResetCmd
    stm32f4xx_dma2d.o(.text) refers to stm32f4xx_rcc.o(.text) for RCC_AHB1PeriphResetCmd
    stm32f4xx_tim.o(.text) refers to stm32f4xx_rcc.o(.text) for RCC_APB2PeriphResetCmd
    delay.o(.text) refers to os_core.o(.text) for OSSchedLock
    delay.o(.text) refers to os_time.o(.text) for OSTimeDly
    delay.o(.text) refers to misc.o(.text) for SysTick_CLKSourceConfig
    delay.o(.text) refers to os_var.o(.data) for OSRunning
    delay.o(.text) refers to delay.o(.data) for fac_us
    delay.o(.text) refers to os_cfg_app.o(.constdata) for OSCfg_TickRate_Hz
    usart.o(.text) refers to stm32f4xx_rcc.o(.text) for RCC_AHB1PeriphClockCmd
    usart.o(.text) refers to stm32f4xx_gpio.o(.text) for GPIO_PinAFConfig
    usart.o(.text) refers to stm32f4xx_usart.o(.text) for USART_Init
    usart.o(.text) refers to misc.o(.text) for NVIC_Init
    usart.o(.text) refers to os_core.o(.text) for OSIntEnter
    usart.o(.text) refers to usart.o(.data) for USART_RX_STA
    usart.o(.text) refers to usart.o(.bss) for USART_RX_BUF
    bsp.o(.text) refers to stm32f4xx_rcc.o(.text) for RCC_GetClocksFreq
    bsp.o(.text) refers to cpu_core.o(.text) for CPU_TS_TmrFreqSet
    bsp.o(.text) refers to uldiv.o(.text) for __aeabi_uldivmod
    cpu_c.o(.text) refers to cpu_a.o(.text) for CPU_SR_Save
    cpu_core.o(.text) refers to cpu_a.o(.text) for CPU_SR_Save
    cpu_core.o(.text) refers to lib_mem.o(.text) for Mem_Clr
    cpu_core.o(.text) refers to bsp.o(.text) for CPU_TS_TmrInit
    cpu_core.o(.text) refers to lib_str.o(.text) for Str_Copy_N
    cpu_core.o(.text) refers to cpu_core.o(.bss) for CPU_Name
    cpu_core.o(.text) refers to cpu_core.o(.data) for CPU_TS_TmrFreq_Hz
    cpu_core.o(.text) refers to cpu_core.o(.constdata) for CPU_CntLeadZerosTbl
    lib_math.o(.text) refers to cpu_a.o(.text) for CPU_SR_Save
    lib_math.o(.text) refers to lib_math.o(.data) for Math_RandSeedCur
    lib_mem.o(.text) refers to lib_mem_a.o(.text) for Mem_Copy
    lib_mem.o(.text) refers to cpu_a.o(.text) for CPU_SR_Save
    lib_mem.o(.text) refers to lib_mem.o(.bss) for Mem_PoolHeap
    lib_mem.o(.text) refers to lib_mem.o(.data) for Mem_PoolTbl
    lib_str.o(.text) refers to lib_ascii.o(.text) for ASCII_ToLower
    lib_str.o(.text) refers to lib_str.o(.constdata) for Str_MultOvfThTbl_Int32U
[...]
    USART_IrDACmd                            0x08001211   Thumb Code    24  stm32f4xx_usart.o(.text)
    USART_DMACmd                             0x08001229   Thumb Code    18  stm32f4xx_usart.o(.text)
    USART_ITConfig                           0x0800123b   Thumb Code    74  stm32f4xx_usart.o(.text)
    USART_GetFlagStatus                      0x08001285   Thumb Code    26  stm32f4xx_usart.o(.text)
    USART_ClearFlag                          0x0800129f   Thumb Code    18  stm32f4xx_usart.o(.text)
    USART_GetITStatus                        0x080012b1   Thumb Code   118  stm32f4xx_usart.o(.text)
    USART_ClearITPendingBit                  0x08001327   Thumb Code    30  stm32f4xx_usart.o(.text)
    delay_osschedlock                        0x08001345   Thumb Code    10  delay.o(.text)
    delay_osschedunlock                      0x0800134f   Thumb Code    10  delay.o(.text)
    delay_ostimedly                          0x08001359   Thumb Code    16  delay.o(.text)
    SysTick_Handler                          0x08001369   Thumb Code    24  delay.o(.text)
    delay_init                               0x08001381   Thumb Code    94  delay.o(.text)
    delay_us                                 0x080013df   Thumb Code    84  delay.o(.text)
    delay_ms                                 0x08001433   Thumb Code    66  delay.o(.text)
    GPIO_AF_Set                              0x0800148d   Thumb Code    64  sys.o(.text)
    GPIO_Set                                 0x080014cd   Thumb Code   222  sys.o(.text)
    MY_NVIC_SetVectorTable                   0x080015ab   Thumb Code    12  sys.o(.text)
    MY_NVIC_PriorityGroupConfig              0x080015b7   Thumb Code    36  sys.o(.text)
    MY_NVIC_Init                             0x080015db   Thumb Code   116  sys.o(.text)
    _sys_exit                                0x0800165d   Thumb Code     6  usart.o(.text)
    fputc                                    0x08001663   Thumb Code    22  usart.o(.text)
    uart_init                                0x08001679   Thumb Code   172  usart.o(.text)
    USART1_IRQHandler                        0x08001725   Thumb Code   130  usart.o(.text)
    BSP_CPU_ClkFreq                          0x080017b9   Thumb Code    14  bsp.o(.text)
    CPU_TS_TmrInit                           0x080017c7   Thumb Code    44  bsp.o(.text)
    CPU_TS_TmrRd                             0x080017f3   Thumb Code     6  bsp.o(.text)
    CPU_TS32_to_uSec                         0x080017f9   Thumb Code    54  bsp.o(.text)
    CPU_NameClr                              0x0800183d   Thumb Code    42  cpu_core.o(.text)
    CPU_Init                                 0x0800187d   Thumb Code    12  cpu_core.o(.text)
    CPU_SW_Exception                         0x08001889   Thumb Code     4  cpu_core.o(.text)
    CPU_NameGet                              0x0800188d   Thumb Code    70  cpu_core.o(.text)
    CPU_NameSet                              0x080018d3   Thumb Code    96  cpu_core.o(.text)
    CPU_TS_Get32                             0x08001933   Thumb Code    12  cpu_core.o(.text)
    CPU_TS_Update                            0x0800193f   Thumb Code     2  cpu_core.o(.text)
    CPU_TS_TmrFreqGet                        0x08001941   Thumb Code    30  cpu_core.o(.text)
    CPU_TS_TmrFreqSet                        0x0800195f   Thumb Code     6  cpu_core.o(.text)
    CPU_CntLeadZeros08                       0x08001965   Thumb Code    18  cpu_core.o(.text)
    CPU_CntLeadZeros16                       0x08001977   Thumb Code    18  cpu_core.o(.text)
    CPU_CntLeadZeros32                       0x08001989   Thumb Code    18  cpu_core.o(.text)
    CPU_CntLeadZeros64                       0x0800199b   Thumb Code   188  cpu_core.o(.text)
    CPU_CntTrailZeros08                      0x08001a57   Thumb Code    22  cpu_core.o(.text)
    CPU_CntTrailZeros16                      0x08001a6d   Thumb Code    22  cpu_core.o(.text)
    CPU_CntTrailZeros32                      0x08001a83   Thumb Code    22  cpu_core.o(.text)
    CPU_CntTrailZeros64                      0x08001a99   Thumb Code    62  cpu_core.o(.text)
    CPU_IntDis                               0x08001ae5   Thumb Code     0  cpu_a.o(.text)
    CPU_IntEn                                0x08001ae9   Thumb Code     0  cpu_a.o(.text)
    CPU_SR_Save                              0x08001aed   Thumb Code     0  cpu_a.o(.text)
    CPU_SR_Restore                           0x08001af5   Thumb Code     0  cpu_a.o(.text)
    CPU_WaitForInt                           0x08001afb   Thumb Code     0  cpu_a.o(.text)
    CPU_WaitForExcept                        0x08001aff   Thumb Code     0  cpu_a.o(.text)
    CPU_CntLeadZeros                         0x08001b03   Thumb Code     0  cpu_a.o(.text)
    CPU_CntTrailZeros                        0x08001b09   Thumb Code     0  cpu_a.o(.text)
    CPU_RevBits                              0x08001b13   Thumb Code     0  cpu_a.o(.text)
    ASCII_IsAlpha                            0x08001b19   Thumb Code    48  lib_ascii.o(.text)
    ASCII_IsAlphaNum                         0x08001b49   Thumb Code    76  lib_ascii.o(.text)
    ASCII_IsLower                            0x08001b95   Thumb Code    20  lib_ascii.o(.text)
    ASCII_IsUpper                            0x08001ba9   Thumb Code    20  lib_ascii.o(.text)
    ASCII_IsDig                              0x08001bbd   Thumb Code    20  lib_ascii.o(.text)
    ASCII_IsDigOct                           0x08001bd1   Thumb Code    20  lib_ascii.o(.text)
    ASCII_IsDigHex                           0x08001be5   Thumb Code    36  lib_ascii.o(.text)
    ASCII_IsBlank                            0x08001c09   Thumb Code    20  lib_ascii.o(.text)
    ASCII_IsSpace                            0x08001c1d   Thumb Code    36  lib_ascii.o(.text)
    ASCII_IsPrint                            0x08001c41   Thumb Code    20  lib_ascii.o(.text)
    ASCII_IsGraph                            0x08001c55   Thumb Code    20  lib_ascii.o(.text)
    ASCII_IsPunct                            0x08001c69   Thumb Code   134  lib_ascii.o(.text)
    ASCII_IsCtrl                             0x08001cef   Thumb Code    26  lib_ascii.o(.text)
    ASCII_ToLower                            0x08001d09   Thumb Code    32  lib_ascii.o(.text)
    ASCII_ToUpper                            0x08001d29   Thumb Code    32  lib_ascii.o(.text)
    ASCII_Cmp                                0x08001d49   Thumb Code    38  lib_ascii.o(.text)
    Mem_Init                                 0x08001d71   Thumb Code    54  lib_mem.o(.text)
    Mem_Set                                  0x08001da7   Thumb Code    84  lib_mem.o(.text)
    Mem_Clr                                  0x08001dfb   Thumb Code    18  lib_mem.o(.text)
    Mem_Move                                 0x08001e0d   Thumb Code   186  lib_mem.o(.text)
    Mem_Cmp                                  0x08001ec7   Thumb Code   192  lib_mem.o(.text)
    Mem_HeapAlloc                            0x08001fff   Thumb Code   168  lib_mem.o(.text)
    Mem_SegGetSizeRem                        0x080020a7   Thumb Code   108  lib_mem.o(.text)
    Mem_HeapGetSizeRem                       0x08002113   Thumb Code    22  lib_mem.o(.text)
    Mem_PoolClr                              0x08002129   Thumb Code    80  lib_mem.o(.text)
    Mem_PoolCreate                           0x08002179   Thumb Code   838  lib_mem.o(.text)
    Mem_PoolBlkGetNbrAvail                   0x080024bf   Thumb Code    52  lib_mem.o(.text)
    Mem_PoolBlkGet                           0x080024f3   Thumb Code   126  lib_mem.o(.text)
    Mem_PoolBlkGetUsedAtIx                   0x08002571   Thumb Code   140  lib_mem.o(.text)
    Mem_PoolBlkFree                          0x080025fd   Thumb Code   152  lib_mem.o(.text)
    Mem_PoolBlkIxGet                         0x08002695   Thumb Code   162  lib_mem.o(.text)
    Str_Len_N                                0x08002739   Thumb Code    28  lib_str.o(.text)
    Str_Len                                  0x08002755   Thumb Code    20  lib_str.o(.text)
    Str_Copy_N                               0x08002769   Thumb Code    70  lib_str.o(.text)
    Str_Copy                                 0x080027af   Thumb Code    24  lib_str.o(.text)
    Str_Cat_N                                0x080027c7   Thumb Code    90  lib_str.o(.text)
    Str_Cat                                  0x08002821   Thumb Code    24  lib_str.o(.text)
    Str_Cmp_N                                0x08002839   Thumb Code   156  lib_str.o(.text)
    Str_Cmp                                  0x080028d5   Thumb Code    24  lib_str.o(.text)
    Str_CmpIgnoreCase_N                      0x080028ed   Thumb Code   264  lib_str.o(.text)
    Str_CmpIgnoreCase                        0x080029f5   Thumb Code    24  lib_str.o(.text)
    Str_Char_N                               0x08002a0d   Thumb Code    74  lib_str.o(.text)
    Str_Char                                 0x08002a57   Thumb Code    24  lib_str.o(.text)
    Str_Char_Last_N                          0x08002a6f   Thumb Code    76  lib_str.o(.text)
    Str_Char_Last                            0x08002abb   Thumb Code    24  lib_str.o(.text)
    Str_Char_Replace_N                       0x08002ad3   Thumb Code    52  lib_str.o(.text)
    Str_Char_Replace                         0x08002b07   Thumb Code    28  lib_str.o(.text)
    Str_Str_N                                0x08002b23   Thumb Code   182  lib_str.o(.text)
    Str_Str                                  0x08002bd9   Thumb Code    24  lib_str.o(.text)
    Str_FmtNbr_Int32U                        0x08002dcd   Thumb Code    46  lib_str.o(.text)
    Str_FmtNbr_Int32S                        0x08002dfb   Thumb Code    62  lib_str.o(.text)
    Str_ParseNbr_Int32U                      0x08002ff7   Thumb Code    30  lib_str.o(.text)
    Str_ParseNbr_Int32S                      0x08003015   Thumb Code    74  lib_str.o(.text)
    Mem_Copy                                 0x08003065   Thumb Code     0  lib_mem_a.o(.text)
    OSCfg_Init                               0x08003285   Thumb Code    86  os_cfg_app.o(.text)
    OS_IdleTask                              0x08003381   Thumb Code    60  os_core.o(.text)
    OS_IdleTaskInit                          0x080033bd   Thumb Code    68  os_core.o(.text)
    OS_RdyListInit                           0x08003401   Thumb Code    32  os_core.o(.text)
    OSInit                                   0x08003421   Thumb Code   300  os_core.o(.text)
    OSIntEnter                               0x0800354d   Thumb Code    34  os_core.o(.text)
    OSIntExit                                0x0800356f   Thumb Code   188  os_core.o(.text)
    OSSched                                  0x0800362b   Thumb Code   130  os_core.o(.text)
    OS_SchedLockTimeMeasStart                0x080036ad   Thumb Code    20  os_core.o(.text)
    OSSchedLock                              0x080036c1   Thumb Code   104  os_core.o(.text)
    OS_SchedLockTimeMeasStop                 0x08003729   Thumb Code    44  os_core.o(.text)
    OSSchedUnlock                            0x08003755   Thumb Code   286  os_core.o(.text)
    OSSchedRoundRobinCfg                     0x08003873   Thumb Code    88  os_core.o(.text)
    OS_RdyListMoveHeadToTail                 0x080038cb   Thumb Code    68  os_core.o(.text)
    OSSchedRoundRobinYield                   0x0800390f   Thumb Code   164  os_core.o(.text)
    OSStart                                  0x080039b3   Thumb Code    78  os_core.o(.text)
    OSVersion                                0x08003a01   Thumb Code    12  os_core.o(.text)
    OS_PendDbgNameAdd                        0x08003a0d   Thumb Code    66  os_core.o(.text)
    OS_PendListInsertPrio                    0x08003a4f   Thumb Code   102  os_core.o(.text)
    OS_PendDataInit                          0x08003ab5   Thumb Code    38  os_core.o(.text)
    OS_RdyListRemove                         0x08003adb   Thumb Code    86  os_core.o(.text)
    OS_TaskBlock                             0x08003b31   Thumb Code    56  os_core.o(.text)
    OS_Pend                                  0x08003b69   Thumb Code    98  os_core.o(.text)
    OS_PendListRemove1                       0x08003bcb   Thumb Code   136  os_core.o(.text)
    OS_PendListRemove                        0x08003c53   Thumb Code    48  os_core.o(.text)
    OS_PendAbort1                            0x08003c83   Thumb Code    36  os_core.o(.text)
    OS_RdyListInsertHead                     0x08003ca7   Thumb Code    58  os_core.o(.text)
    OS_RdyListInsertTail                     0x08003ce1   Thumb Code    56  os_core.o(.text)
    OS_RdyListInsert                         0x08003d19   Thumb Code    40  os_core.o(.text)
    OS_TaskRdy                               0x08003d41   Thumb Code    28  os_core.o(.text)
    OS_PendAbort                             0x08003d5d   Thumb Code   166  os_core.o(.text)
    OS_PendDbgNameRemove                     0x08003e03   Thumb Code    34  os_core.o(.text)
    OS_PendListChangePrio                    0x08003e25   Thumb Code    70  os_core.o(.text)
    OS_PendListInit                          0x08003e6b   Thumb Code    10  os_core.o(.text)
    OS_PendListInsertHead                    0x08003e75   Thumb Code    32  os_core.o(.text)
    OS_PendObjDel1                           0x08003e95   Thumb Code    36  os_core.o(.text)
    OS_PendObjDel                            0x08003eb9   Thumb Code   162  os_core.o(.text)
    OS_Post1                                 0x08003f5b   Thumb Code    42  os_core.o(.text)
    OS_Post                                  0x08003f85   Thumb Code   192  os_core.o(.text)
    OS_Sched0                                0x08004045   Thumb Code    68  os_core.o(.text)
    OS_SchedRoundRobin                       0x08004089   Thumb Code   218  os_core.o(.text)
    OS_Dbg_Init                              0x08004171   Thumb Code   146  os_dbg.o(.text)
    OS_FlagDbgListAdd                        0x08004321   Thumb Code    38  os_flag.o(.text)
    OSFlagCreate                             0x08004347   Thumb Code   172  os_flag.o(.text)
    OS_FlagClr                               0x080043f3   Thumb Code    28  os_flag.o(.text)
    OS_FlagDbgListRemove                     0x0800440f   Thumb Code    44  os_flag.o(.text)
    OSFlagDel                                0x0800443b   Thumb Code   594  os_flag.o(.text)
    OS_FlagBlock                             0x0800468d   Thumb Code    58  os_flag.o(.text)
    OSFlagPend                               0x080046c7   Thumb Code  1488  os_flag.o(.text)
    OSFlagPendAbort                          0x08004c97   Thumb Code   292  os_flag.o(.text)
    OSFlagPendGetFlagsRdy                    0x08004dbb   Thumb Code    68  os_flag.o(.text)
    OS_FlagTaskRdy                           0x08004dff   Thumb Code    86  os_flag.o(.text)
    OS_FlagPost                              0x08004e55   Thumb Code   570  os_flag.o(.text)
    OSFlagPost                               0x0800508f   Thumb Code   146  os_flag.o(.text)
    OS_FlagInit                              0x08005121   Thumb Code    14  os_flag.o(.text)
    OS_IntQPost                              0x08005149   Thumb Code   216  os_int.o(.text)
    OS_IntQRePost                            0x08005221   Thumb Code   360  os_int.o(.text)
    OS_IntQTask                              0x08005389   Thumb Code   162  os_int.o(.text)
    OS_IntQTaskInit                          0x0800542b   Thumb Code   208  os_int.o(.text)
    OS_MemDbgListAdd                         0x0800558d   Thumb Code    34  os_mem.o(.text)
    OSMemCreate                              0x080055af   Thumb Code   288  os_mem.o(.text)
    OSMemGet                                 0x080056cf   Thumb Code   100  os_mem.o(.text)
    OSMemPut                                 0x08005733   Thumb Code   112  os_mem.o(.text)
    OS_MemInit                               0x080057a3   Thumb Code    14  os_mem.o(.text)
    OS_MsgPoolCreate                         0x080057c5   Thumb Code    54  os_msg.o(.text)
    OS_MsgPoolInit                           0x080057fb   Thumb Code    70  os_msg.o(.text)
    OS_MsgQFreeAll                           0x08005841   Thumb Code    62  os_msg.o(.text)
    OS_MsgQInit                              0x0800587f   Thumb Code    14  os_msg.o(.text)
    OS_MsgQGet                               0x0800588d   Thumb Code    98  os_msg.o(.text)
    OS_MsgQPut                               0x080058ef   Thumb Code   246  os_msg.o(.text)
    OS_MutexDbgListAdd                       0x080059f1   Thumb Code    38  os_mutex.o(.text)
    OSMutexCreate                            0x08005a17   Thumb Code   178  os_mutex.o(.text)
    OS_MutexClr                              0x08005ac9   Thumb Code    38  os_mutex.o(.text)
    OS_MutexDbgListRemove                    0x08005aef   Thumb Code    44  os_mutex.o(.text)
    OSMutexDel                               0x08005b1b   Thumb Code   842  os_mutex.o(.text)
    OSMutexPend                              0x08005e65   Thumb Code   706  os_mutex.o(.text)
    OSMutexPendAbort                         0x08006127   Thumb Code   314  os_mutex.o(.text)
    OSMutexPost                              0x08006261   Thumb Code   564  os_mutex.o(.text)
    OS_MutexInit                             0x08006495   Thumb Code    14  os_mutex.o(.text)
    OS_PrioInit                              0x080064c5   Thumb Code    20  os_prio.o(.text)
    OS_PrioGetHighest                        0x080064d9   Thumb Code    36  os_prio.o(.text)
    OS_PrioInsert                            0x080064fd   Thumb Code    32  os_prio.o(.text)
    OS_PrioRemove                            0x0800651d   Thumb Code    32  os_prio.o(.text)
    OS_QDbgListAdd                           0x08006541   Thumb Code    38  os_q.o(.text)
    OSQCreate                                0x08006567   Thumb Code   186  os_q.o(.text)
    OS_QClr                                  0x08006621   Thumb Code    40  os_q.o(.text)
    OS_QDbgListRemove                        0x08006649   Thumb Code    44  os_q.o(.text)
    OSQDel                                   0x08006675   Thumb Code   362  os_q.o(.text)
    OSQFlush                                 0x080067df   Thumb Code   210  os_q.o(.text)
    OSQPend                                  0x080068b1   Thumb Code   538  os_q.o(.text)
    OSQPendAbort                             0x08006acb   Thumb Code   292  os_q.o(.text)
    OS_QPost                                 0x08006bef   Thumb Code   324  os_q.o(.text)
    OSQPost                                  0x08006d33   Thumb Code   198  os_q.o(.text)
    OS_QInit                                 0x08006df9   Thumb Code    14  os_q.o(.text)
    OS_SemDbgListAdd                         0x08006e19   Thumb Code    38  os_sem.o(.text)
    OSSemCreate                              0x08006e3f   Thumb Code   172  os_sem.o(.text)
    OS_SemClr                                0x08006eeb   Thumb Code    28  os_sem.o(.text)
    OS_SemDbgListRemove                      0x08006f07   Thumb Code    44  os_sem.o(.text)
    OSSemDel                                 0x08006f33   Thumb Code   362  os_sem.o(.text)
    OSSemPend                                0x0800709d   Thumb Code   504  os_sem.o(.text)
    OSSemPendAbort                           0x08007295   Thumb Code   292  os_sem.o(.text)
    OS_SemPost                               0x080073b9   Thumb Code   350  os_sem.o(.text)
    OSSemPost                                0x08007517   Thumb Code   144  os_sem.o(.text)
    OSSemSet                                 0x080075a7   Thumb Code   138  os_sem.o(.text)
    OS_SemInit                               0x08007631   Thumb Code    14  os_sem.o(.text)
    OSStatReset                              0x08007649   Thumb Code   270  os_stat.o(.text)
    OSStatTaskCPUUsageInit                   0x08007757   Thumb Code   212  os_stat.o(.text)
    OS_StatTask                              0x0800782b   Thumb Code   888  os_stat.o(.text)
    OS_StatTaskInit                          0x08007ba3   Thumb Code   138  os_stat.o(.text)
    OSTaskChangePrio                         0x08007c81   Thumb Code   416  os_task.o(.text)
    OS_TaskDbgListAdd                        0x08007e21   Thumb Code    42  os_task.o(.text)
    OS_TaskInitTCB                           0x08007e4b   Thumb Code   186  os_task.o(.text)
    OSTaskCreate                             0x08007f05   Thumb Code   616  os_task.o(.text)
    OS_TaskDbgListRemove                     0x0800816d   Thumb Code    64  os_task.o(.text)
    OSTaskDel                                0x080081ad   Thumb Code   424  os_task.o(.text)
    OSTaskQFlush                             0x08008355   Thumb Code   214  os_task.o(.text)
    OSTaskQPend                              0x0800842b   Thumb Code   554  os_task.o(.text)
    OSTaskQPendAbort                         0x08008655   Thumb Code   242  os_task.o(.text)
    OS_TaskQPost                             0x08008747   Thumb Code   526  os_task.o(.text)
    OSTaskQPost                              0x08008955   Thumb Code   114  os_task.o(.text)
    OSTaskRegGet                             0x080089c7   Thumb Code    78  os_task.o(.text)
    OSTaskRegGetID                           0x08008a15   Thumb Code    84  os_task.o(.text)
    OSTaskRegSet                             0x08008a69   Thumb Code    78  os_task.o(.text)
    OS_TaskResume                            0x08008ab7   Thumb Code   314  os_task.o(.text)
    OSTaskResume                             0x08008bf1   Thumb Code   112  os_task.o(.text)
    OSTaskSemPend                            0x08008c61   Thumb Code   550  os_task.o(.text)
    OSTaskSemPendAbort                       0x08008e87   Thumb Code   270  os_task.o(.text)
    OS_TaskSemPost                           0x08008f95   Thumb Code  1224  os_task.o(.text)
    OSTaskSemPost                            0x0800945d   Thumb Code    98  os_task.o(.text)
    OSTaskSemSet                             0x080094bf   Thumb Code    80  os_task.o(.text)
    OSTaskStkChk                             0x0800950f   Thumb Code   224  os_task.o(.text)
    OS_TaskSuspend                           0x080095ef   Thumb Code   328  os_task.o(.text)
    OSTaskSuspend                            0x08009737   Thumb Code    78  os_task.o(.text)
    OSTaskTimeQuantaSet                      0x08009785   Thumb Code    96  os_task.o(.text)
    OS_TaskInit                              0x080097e5   Thumb Code    18  os_task.o(.text)
    OS_TaskReturn                            0x080097f7   Thumb Code    20  os_task.o(.text)
    OS_TickListRemove                        0x08009835   Thumb Code    56  os_tick.o(.text)
    OS_TickListUpdate                        0x0800986d   Thumb Code   480  os_tick.o(.text)
    OS_TickTask                              0x08009a4d   Thumb Code    38  os_tick.o(.text)
    OS_TickListInit                          0x08009a73   Thumb Code    32  os_tick.o(.text)
    OS_TickTaskInit                          0x08009a93   Thumb Code   130  os_tick.o(.text)
    OS_TickListInsert                        0x08009b15   Thumb Code   502  os_tick.o(.text)
    OS_TickListResetPeak                     0x08009d0b   Thumb Code    28  os_tick.o(.text)
    OSTimeDly                                0x08009d31   Thumb Code   266  os_time.o(.text)
    OSTimeDlyHMSM                            0x08009e3b   Thumb Code   480  os_time.o(.text)
    OSTimeDlyResume                          0x0800a01b   Thumb Code   466  os_time.o(.text)
    OSTimeGet                                0x0800a1ed   Thumb Code    46  os_time.o(.text)
    OSTimeSet                                0x0800a21b   Thumb Code    46  os_time.o(.text)
    OSTimeTick                               0x0800a249   Thumb Code    54  os_time.o(.text)
    OS_TmrDbgListAdd                         0x0800a295   Thumb Code    34  os_tmr.o(.text)
    OSTmrCreate                              0x0800a2b7   Thumb Code   248  os_tmr.o(.text)
    OS_TmrClr                                0x0800a3af   Thumb Code    36  os_tmr.o(.text)
    OS_TmrUnlink                             0x0800a3d3   Thumb Code    72  os_tmr.o(.text)
    OS_TmrDbgListRemove                      0x0800a41b   Thumb Code    44  os_tmr.o(.text)
    OSTmrDel                                 0x0800a447   Thumb Code   176  os_tmr.o(.text)
    OSTmrRemainGet                           0x0800a4f7   Thumb Code   184  os_tmr.o(.text)
    OS_TmrLink                               0x0800a5af   Thumb Code   196  os_tmr.o(.text)
    OSTmrStart                               0x0800a673   Thumb Code   210  os_tmr.o(.text)
    OSTmrStateGet                            0x0800a745   Thumb Code   134  os_tmr.o(.text)
    OSTmrStop                                0x0800a7cb   Thumb Code   232  os_tmr.o(.text)
    OS_TmrTask                               0x0800a8b3   Thumb Code   176  os_tmr.o(.text)
    OS_TmrInit                               0x0800a963   Thumb Code   208  os_tmr.o(.text)
    OS_TmrResetPeak                          0x0800aa33   Thumb Code    28  os_tmr.o(.text)
    OSIdleTaskHook                           0x0800aaad   Thumb Code    16  os_cpu_c.o(.text)
    OSInitHook                               0x0800aabd   Thumb Code    28  os_cpu_c.o(.text)
    OSStatTaskHook                           0x0800aad9   Thumb Code    16  os_cpu_c.o(.text)
    OSTaskCreateHook                         0x0800aae9   Thumb Code    20  os_cpu_c.o(.text)
    OSTaskDelHook                            0x0800aafd   Thumb Code    20  os_cpu_c.o(.text)
    OSTaskReturnHook                         0x0800ab11   Thumb Code    20  os_cpu_c.o(.text)
    OSTaskStkInit                            0x0800ab25   Thumb Code   600  os_cpu_c.o(.text)
    OSTaskSwHook                             0x0800ad7d   Thumb Code   120  os_cpu_c.o(.text)
    OSTimeTickHook                           0x0800adf5   Thumb Code    16  os_cpu_c.o(.text)
    OS_CPU_SysTickHandler                    0x0800ae05   Thumb Code    52  os_cpu_c.o(.text)
    OS_CPU_SysTickInit                       0x0800ae39   Thumb Code    44  os_cpu_c.o(.text)
    BEEP_Init                                0x0800aea5   Thumb Code    42  beep.o(.text)
    Gray_Init                                0x0800aedd   Thumb Code   182  dio.o(.text)
    Laser_Init                               0x0800af93   Thumb Code   128  dio.o(.text)
    Infrared_sensor_Init                     0x0800b013   Thumb Code    88  dio.o(.text)
    TIM2_Init                                0x0800b06b   Thumb Code   126  dio.o(.text)
    TIM3_Init                                0x0800b0e9   Thumb Code   140  dio.o(.text)
    TIM6_Init                                0x0800b175   Thumb Code    76  dio.o(.text)
    TIM6_DAC_IRQHandler                      0x0800b1c1   Thumb Code    34  dio.o(.text)
    LCD_WR_REG                               0x0800b225   Thumb Code    18  ili93xx.o(.text)
    LCD_WR_DATA                              0x0800b237   Thumb Code    20  ili93xx.o(.text)
    LCD_RD_DATA                              0x0800b24b   Thumb Code    16  ili93xx.o(.text)
    LCD_WriteReg                             0x0800b25b   Thumb Code    14  ili93xx.o(.text)
    LCD_ReadReg                              0x0800b269   Thumb Code    22  ili93xx.o(.text)
    LCD_WriteRAM_Prepare                     0x0800b27f   Thumb Code    10  ili93xx.o(.text)
    LCD_WriteRAM                             0x0800b289   Thumb Code     8  ili93xx.o(.text)
    LCD_BGR2RGB                              0x0800b291   Thumb Code    26  ili93xx.o(.text)
    opt_delay                                0x0800b2ab   Thumb Code    14  ili93xx.o(.text)
    LCD_SetCursor                            0x0800b2b9   Thumb Code   418  ili93xx.o(.text)
    LCD_ReadPoint                            0x0800b45b   Thumb Code   360  ili93xx.o(.text)
    LCD_DisplayOn                            0x0800b5c3   Thumb Code   102  ili93xx.o(.text)
    LCD_DisplayOff                           0x0800b629   Thumb Code    90  ili93xx.o(.text)
    LCD_Scan_Dir                             0x0800b683   Thumb Code   744  ili93xx.o(.text)
    LCD_DrawPoint                            0x0800b96b   Thumb Code    28  ili93xx.o(.text)
    LCD_Fast_DrawPoint                       0x0800b987   Thumb Code   388  ili93xx.o(.text)
    LCD_SSD_BackLightSet                     0x0800bb0b   Thumb Code    88  ili93xx.o(.text)
    LCD_Display_Dir                          0x0800bb63   Thumb Code   444  ili93xx.o(.text)
    LCD_Set_Window                           0x0800bd1f   Thumb Code   546  ili93xx.o(.text)
    LCD_Clear                                0x0800bf41   Thumb Code   100  ili93xx.o(.text)
    LCD_Init                                 0x0800bfa5   Thumb Code 14636  ili93xx.o(.text)
    LCD_Fill                                 0x0800f8d1   Thumb Code   180  ili93xx.o(.text)
    LCD_Color_Fill                           0x0800f985   Thumb Code   100  ili93xx.o(.text)
    LCD_DrawLine                             0x0800f9e9   Thumb Code   176  ili93xx.o(.text)
    LCD_DrawRectangle                        0x0800fa99   Thumb Code    60  ili93xx.o(.text)
    LCD_Draw_Circle                          0x0800fad5   Thumb Code   152  ili93xx.o(.text)
    LCD_ShowChar                             0x0800fb6d   Thumb Code   272  ili93xx.o(.text)
    Lcd_WriteData_16Bit2                     0x0800fc7d   Thumb Code     6  ili93xx.o(.text)
    LCD_SetWindows2                          0x0800fc83   Thumb Code    78  ili93xx.o(.text)
    LCD_ShowChar2                            0x0800fcd1   Thumb Code   306  ili93xx.o(.text)
    LCD_Pow                                  0x0800fe03   Thumb Code    22  ili93xx.o(.text)
    LCD_ShowNum                              0x0800fe19   Thumb Code   148  ili93xx.o(.text)
    LCD_ShowxNum                             0x0800fead   Thumb Code   190  ili93xx.o(.text)
    LCD_ShowString                           0x0800ff6b   Thumb Code   102  ili93xx.o(.text)
    mypow                                    0x0800ffd1   Thumb Code    22  ili93xx.o(.text)
    LCD_ShowNum2                             0x0800ffe7   Thumb Code   168  ili93xx.o(.text)
    GUI_DrawFont16                           0x0801008f   Thumb Code   252  ili93xx.o(.text)
    GUI_DrawFont24                           0x0801018b   Thumb Code   290  ili93xx.o(.text)
    GUI_DrawNum32                            0x080102ad   Thumb Code   252  ili93xx.o(.text)
    GUI_DrawFont32                           0x080103a9   Thumb Code   252  ili93xx.o(.text)
    Show_Str                                 0x080104a5   Thumb Code   264  ili93xx.o(.text)
    Gui_StrCenter                            0x080105ad   Thumb Code    60  ili93xx.o(.text)
    printFixedPart                           0x080105e9   Thumb Code   276  ili93xx.o(.text)
    printActivePart                          0x080106fd   Thumb Code   110  ili93xx.o(.text)
    printTime                                0x0801076b   Thumb Code     2  ili93xx.o(.text)
    KEY_Init                                 0x080107b1   Thumb Code   100  key.o(.text)
    KEY_Scan                                 0x08010815   Thumb Code   204  key.o(.text)
    KEY_Scan2                                0x080108e1   Thumb Code   228  key.o(.text)
    LED_Init                                 0x08010a05   Thumb Code    48  led.o(.text)
    TIM5_PWM_Init                            0x08010a45   Thumb Code   230  pwm.o(.text)
    TIM8_PWM_Init                            0x08010b2b   Thumb Code   252  pwm.o(.text)
    Angle_Adjust1                            0x08010c27   Thumb Code     8  pwm.o(.text)
    Angle_Adjust2                            0x08010c2f   Thumb Code     8  pwm.o(.text)
    Angle_Adjust3                            0x08010c37   Thumb Code     8  pwm.o(.text)
    Angle_Adjust4                            0x08010c3f   Thumb Code     8  pwm.o(.text)
    Angle1_Adjust1                           0x08010c47   Thumb Code     8  pwm.o(.text)
    Angle1_Adjust2                           0x08010c4f   Thumb Code     8  pwm.o(.text)
    Angle1_Adjust3                           0x08010c57   Thumb Code     8  pwm.o(.text)
    Angle1_Adjust4                           0x08010c5f   Thumb Code     8  pwm.o(.text)
    Angle_Adjust_Init                        0x08010c67   Thumb Code    24  pwm.o(.text)
    Angle1_Adjust_Init                       0x08010c7f   Thumb Code    12  pwm.o(.text)
    MoveHead                                 0x08010c8b   Thumb Code    68  pwm.o(.text)
    MoveHand                                 0x08010ccf   Thumb Code    72  pwm.o(.text)
    LowerHead                                0x08010d17   Thumb Code    10  pwm.o(.text)
    GetUp                                    0x08010d21   Thumb Code    10  pwm.o(.text)
    usart3_init                              0x08010d41   Thumb Code   238  usart3.o(.text)
    USART3_printf                            0x08010e2f   Thumb Code    92  usart3.o(.text)
    Usart3_SendString                        0x08010e8b   Thumb Code    48  usart3.o(.text)
    USART3_IRQHandler                        0x08010ebb   Thumb Code    66  usart3.o(.text)
    Greay_Init2                              0x08010f19   Thumb Code    84  greay_init2.o(.text)
    sendProcess                              0x08010f85   Thumb Code   342  sendmedicine.o(.text)
    sendMedicine                             0x080110db   Thumb Code    78  sendmedicine.o(.text)
    sendPowderMedicine                       0x08011129   Thumb Code    92  sendmedicine.o(.text)
    DHT11_Rst                                0x080111a9   Thumb Code    48  dht11.o(.text)
    DHT11_Check                              0x080111d9   Thumb Code    96  dht11.o(.text)
    DHT11_Read_Bit                           0x08011239   Thumb Code    76  dht11.o(.text)
    DHT11_Read_Byte                          0x08011285   Thumb Code    30  dht11.o(.text)
    DHT11_Read_Data                          0x080112a3   Thumb Code    88  dht11.o(.text)
    DHT11_Init                               0x080112fb   Thumb Code    58  dht11.o(.text)
    DHT11_Test                               0x08011335   Thumb Code    66  dht11.o(.text)
    ESP8266_Clear                            0x08011389   Thumb Code    18  esp8266.o(.text)
    ESP8266_WaitRecive                       0x0801139b   Thumb Code    42  esp8266.o(.text)
    ESP8266_SendCmd                          0x080113c5   Thumb Code    74  esp8266.o(.text)
    ESP8266_SendData                         0x0801140f   Thumb Code    46  esp8266.o(.text)
    ESP8266_GetIPD                           0x0801143d   Thumb Code    68  esp8266.o(.text)
    ESP8266_Init                             0x08011481   Thumb Code   230  esp8266.o(.text)
    MQTT_NewBuffer                           0x08011671   Thumb Code    88  mqttkit.o(.text)
    MQTT_DeleteBuffer                        0x080116c9   Thumb Code    28  mqttkit.o(.text)
    MQTT_DumpLength                          0x080116e5   Thumb Code    46  mqttkit.o(.text)
    MQTT_ReadLength                          0x08011713   Thumb Code    70  mqttkit.o(.text)
    MQTT_UnPacketRecv                        0x08011759   Thumb Code   106  mqttkit.o(.text)
    MQTT_PacketConnect                       0x080117c3   Thumb Code   666  mqttkit.o(.text)
    MQTT_PacketDisConnect                    0x08011a5d   Thumb Code    48  mqttkit.o(.text)
    MQTT_UnPacketConnectAck                  0x08011a8d   Thumb Code    30  mqttkit.o(.text)
    MQTT_PacketPublish                       0x08011aab   Thumb Code   430  mqttkit.o(.text)
    MQTT_PacketSaveData                      0x08011c59   Thumb Code    88  mqttkit.o(.text)
    MQTT_PacketSaveBinData                   0x08011cb1   Thumb Code   192  mqttkit.o(.text)
    MQTT_UnPacketCmd                         0x08011d71   Thumb Code   140  mqttkit.o(.text)
    MQTT_PacketCmdResp                       0x08011dfd   Thumb Code   132  mqttkit.o(.text)
    MQTT_PacketSubscribe                     0x08011e81   Thumb Code   254  mqttkit.o(.text)
    MQTT_UnPacketSubscribe                   0x08011f7f   Thumb Code    52  mqttkit.o(.text)
    MQTT_PacketUnSubscribe                   0x08011fb3   Thumb Code   266  mqttkit.o(.text)
    MQTT_UnPacketUnSubscribe                 0x080120bd   Thumb Code    18  mqttkit.o(.text)
    MQTT_UnPacketPublish                     0x080120cf   Thumb Code   440  mqttkit.o(.text)
    MQTT_PacketPublishAck                    0x08012287   Thumb Code    72  mqttkit.o(.text)
    MQTT_UnPacketPublishAck                  0x080122cf   Thumb Code    30  mqttkit.o(.text)
    MQTT_PacketPublishRec                    0x080122ed   Thumb Code    72  mqttkit.o(.text)
    MQTT_UnPacketPublishRec                  0x08012335   Thumb Code    30  mqttkit.o(.text)
    MQTT_PacketPublishRel                    0x08012353   Thumb Code    72  mqttkit.o(.text)
    MQTT_UnPacketPublishRel                  0x0801239b   Thumb Code    36  mqttkit.o(.text)
    MQTT_PacketPublishComp                   0x080123bf   Thumb Code    72  mqttkit.o(.text)
    MQTT_UnPacketPublishComp                 0x08012407   Thumb Code    30  mqttkit.o(.text)
    MQTT_PacketPing                          0x08012425   Thumb Code    48  mqttkit.o(.text)
    OneNet_DevLink                           0x08012455   Thumb Code   192  onenet.o(.text)
    OneNet_FillBuf                           0x08012515   Thumb Code  1468  onenet.o(.text)
    OneNet_SendData                          0x08012ad1   Thumb Code   112  onenet.o(.text)
    OneNet_RevPro                            0x08012b41   Thumb Code  1608  onenet.o(.text)
    __aeabi_uldivmod                         0x080131e9   Thumb Code    98  uldiv.o(.text)
    __aeabi_memcpy                           0x0801324b   Thumb Code    36  memcpya.o(.text)
    __aeabi_memcpy4                          0x0801324b   Thumb Code     0  memcpya.o(.text)
    __aeabi_memcpy8                          0x0801324b   Thumb Code     0  memcpya.o(.text)
    __aeabi_memset                           0x0801326f   Thumb Code    14  memseta.o(.text)
    __aeabi_memset4                          0x0801326f   Thumb Code     0  memseta.o(.text)
    __aeabi_memset8                          0x0801326f   Thumb Code     0  memseta.o(.text)
    __aeabi_memclr                           0x0801327d   Thumb Code     4  memseta.o(.text)
    __aeabi_memclr4                          0x0801327d   Thumb Code     0  memseta.o(.text)
    __aeabi_memclr8                          0x0801327d   Thumb Code     0  memseta.o(.text)
    _memset$wrapper                          0x08013281   Thumb Code    18  memseta.o(.text)
    strcat                                   0x08013293   Thumb Code    24  strcat.o(.text)
    strstr                                   0x080132ab   Thumb Code    36  strstr.o(.text)
    strchr                                   0x080132cf   Thumb Code    20  strchr.o(.text)
    strlen                                   0x080132e3   Thumb Code    14  strlen.o(.text)
    strncat                                  0x080132f1   Thumb Code    40  strncat.o(.text)
    strcpy                                   0x08013319   Thumb Code    18  strcpy.o(.text)
    atoi                                     0x0801332b   Thumb Code    26  atoi.o(.text)
    __aeabi_dadd                             0x08013345   Thumb Code   322  dadd.o(.text)
    __aeabi_dsub                             0x08013487   Thumb Code     6  dadd.o(.text)
    __aeabi_drsub                            0x0801348d   Thumb Code     6  dadd.o(.text)
    __aeabi_dmul                             0x08013493   Thumb Code   228  dmul.o(.text)
    __aeabi_ddiv                             0x08013577   Thumb Code   222  ddiv.o(.text)
    __aeabi_ui2d                             0x08013655   Thumb Code    26  dfltui.o(.text)
    __aeabi_d2uiz                            0x0801366f   Thumb Code    50  dfixui.o(.text)
    __aeabi_cdrcmple                         0x080136a1   Thumb Code    48  cdrcmple.o(.text)
    __aeabi_uidiv                            0x080136d1   Thumb Code     0  uidiv.o(.text)
    __aeabi_uidivmod                         0x080136d1   Thumb Code    44  uidiv.o(.text)
    __aeabi_llsl                             0x080136fd   Thumb Code    30  llshl.o(.text)
    _ll_shift_l                              0x080136fd   Thumb Code     0  llshl.o(.text)
    __aeabi_llsr                             0x0801371b   Thumb Code    32  llushr.o(.text)
    _ll_ushift_r                             0x0801371b   Thumb Code     0  llushr.o(.text)
    __aeabi_lasr                             0x0801373b   Thumb Code    36  llsshr.o(.text)
    _ll_sshift_r                             0x0801373b   Thumb Code     0  llsshr.o(.text)
    strtol                                   0x0801375f   Thumb Code   112  strtol.o(.text)
    __I$use$fp                               0x080137cf   Thumb Code     0  iusefp.o(.text)
    _double_round                            0x080137cf   Thumb Code    30  depilogue.o(.text)
    _double_epilogue                         0x080137ed   Thumb Code   156  depilogue.o(.text)
    __aeabi_d2ulz                            0x08013889   Thumb Code    48  dfixul.o(.text)
    __scatterload                            0x080138b9   Thumb Code    28  init.o(.text)
    __scatterload_rt2                        0x080138b9   Thumb Code     0  init.o(.text)
    __rt_ctype_table                         0x080138dd   Thumb Code     4  ctype_o.o(.text)
    _strtoul                                 0x080138e5   Thumb Code   158  _strtoul.o(.text)
    _chval                                   0x08013983   Thumb Code    28  _chval.o(.text)
    __decompress                             0x0801399f   Thumb Code     0  __dczerorl2.o(.text)
    __decompress1                            0x0801399f   Thumb Code    86  __dczerorl2.o(.text)
    OSStartHighRdy                           0x080139f5   Thumb Code     0  os_cpu_a.o(CODE)
    OSCtxSw                                  0x08013a17   Thumb Code     0  os_cpu_a.o(CODE)
    OSIntCtxSw                               0x08013a21   Thumb Code     0  os_cpu_a.o(CODE)
    PendSV_Handler                           0x08013a2b   Thumb Code     0  os_cpu_a.o(CODE)
    __0printf$5                              0x08013aa1   Thumb Code    22  printf5.o(i.__0printf$5)
    __1printf$5                              0x08013aa1   Thumb Code     0  printf5.o(i.__0printf$5)
    __2printf                                0x08013aa1   Thumb Code     0  printf5.o(i.__0printf$5)
    __0sprintf$5                             0x08013ac1   Thumb Code    34  printf5.o(i.__0sprintf$5)
    __1sprintf$5                             0x08013ac1   Thumb Code     0  printf5.o(i.__0sprintf$5)
    __2sprintf                               0x08013ac1   Thumb Code     0  printf5.o(i.__0sprintf$5)
    __0vsnprintf                             0x08013ae9   Thumb Code    32  printfa.o(i.__0vsnprintf)
    __1vsnprintf                             0x08013ae9   Thumb Code     0  printfa.o(i.__0vsnprintf)
    __2vsnprintf                             0x08013ae9   Thumb Code     0  printfa.o(i.__0vsnprintf)
    __c89vsnprintf                           0x08013ae9   Thumb Code     0  printfa.o(i.__0vsnprintf)
    vsnprintf                                0x08013ae9   Thumb Code     0  printfa.o(i.__0vsnprintf)
    __aeabi_errno_addr                       0x08013b0d   Thumb Code     4  errno.o(i.__aeabi_errno_addr)
    __rt_errno_addr                          0x08013b0d   Thumb Code     0  errno.o(i.__aeabi_errno_addr)
    __scatterload_copy                       0x08013b15   Thumb Code    14  handlers.o(i.__scatterload_copy)
    __scatterload_null                       0x08013b23   Thumb Code     2  handlers.o(i.__scatterload_null)
    __scatterload_zeroinit                   0x08013b25   Thumb Code    14  handlers.o(i.__scatterload_zeroinit)
    free                                     0x080146a9   Thumb Code    76  malloc.o(i.free)
    malloc                                   0x080146f9   Thumb Code    92  malloc.o(i.malloc)
    CPU_EndiannessTest                       0x08014864   Data           4  cpu_core.o(.constdata)
    OSCfg_IdleTaskStkBasePtr                 0x080148fc   Data           4  os_cfg_app.o(.constdata)
    OSCfg_IdleTaskStkLimit                   0x08014900   Data           4  os_cfg_app.o(.constdata)
    OSCfg_IdleTaskStkSize                    0x08014904   Data           4  os_cfg_app.o(.constdata)
    OSCfg_IdleTaskStkSizeRAM                 0x08014908   Data           4  os_cfg_app.o(.constdata)
    OSCfg_IntQBasePtr                        0x0801490c   Data           4  os_cfg_app.o(.constdata)
    OSCfg_IntQSize                           0x08014910   Data           2  os_cfg_app.o(.constdata)
    OSCfg_IntQSizeRAM                        0x08014914   Data           4  os_cfg_app.o(.constdata)
    OSCfg_IntQTaskStkBasePtr                 0x08014918   Data           4  os_cfg_app.o(.constdata)
    OSCfg_IntQTaskStkLimit                   0x0801491c   Data           4  os_cfg_app.o(.constdata)
    OSCfg_IntQTaskStkSize                    0x08014920   Data           4  os_cfg_app.o(.constdata)
    OSCfg_IntQTaskStkSizeRAM                 0x08014924   Data           4  os_cfg_app.o(.constdata)
    OSCfg_ISRStkBasePtr                      0x08014928   Data           4  os_cfg_app.o(.constdata)
    OSCfg_ISRStkSize                         0x0801492c   Data           4  os_cfg_app.o(.constdata)
    OSCfg_ISRStkSizeRAM                      0x08014930   Data           4  os_cfg_app.o(.constdata)
    OSCfg_MsgPoolSize                        0x08014934   Data           2  os_cfg_app.o(.constdata)
    OSCfg_MsgPoolSizeRAM                     0x08014938   Data           4  os_cfg_app.o(.constdata)
    OSCfg_MsgPoolBasePtr                     0x0801493c   Data           4  os_cfg_app.o(.constdata)
    OSCfg_StatTaskPrio                       0x08014940   Data           1  os_cfg_app.o(.constdata)
    OSCfg_StatTaskRate_Hz                    0x08014944   Data           4  os_cfg_app.o(.constdata)
    OSCfg_StatTaskStkBasePtr                 0x08014948   Data           4  os_cfg_app.o(.constdata)
    OSCfg_StatTaskStkLimit                   0x0801494c   Data           4  os_cfg_app.o(.constdata)
    OSCfg_StatTaskStkSize                    0x08014950   Data           4  os_cfg_app.o(.constdata)
    OSCfg_StatTaskStkSizeRAM                 0x08014954   Data           4  os_cfg_app.o(.constdata)
    OSCfg_StkSizeMin                         0x08014958   Data           4  os_cfg_app.o(.constdata)
    OSCfg_TickRate_Hz                        0x0801495c   Data           4  os_cfg_app.o(.constdata)
    OSCfg_TickTaskPrio                       0x08014960   Data           1  os_cfg_app.o(.constdata)
    OSCfg_TickTaskStkBasePtr                 0x08014964   Data           4  os_cfg_app.o(.constdata)
    OSCfg_TickTaskStkLimit                   0x08014968   Data           4  os_cfg_app.o(.constdata)
    OSCfg_TickTaskStkSize                    0x0801496c   Data           4  os_cfg_app.o(.constdata)
    OSCfg_TickTaskStkSizeRAM                 0x08014970   Data           4  os_cfg_app.o(.constdata)
    OSCfg_TickWheelSize                      0x08014974   Data           2  os_cfg_app.o(.constdata)
    OSCfg_TickWheelSizeRAM                   0x08014978   Data           4  os_cfg_app.o(.constdata)
    OSCfg_TmrTaskPrio                        0x0801497c   Data           1  os_cfg_app.o(.constdata)
    OSCfg_TmrTaskRate_Hz                     0x08014980   Data           4  os_cfg_app.o(.constdata)
    OSCfg_TmrTaskStkBasePtr                  0x08014984   Data           4  os_cfg_app.o(.constdata)
    OSCfg_TmrTaskStkLimit                    0x08014988   Data           4  os_cfg_app.o(.constdata)
    OSCfg_TmrTaskStkSize                     0x0801498c   Data           4  os_cfg_app.o(.constdata)
    OSCfg_TmrTaskStkSizeRAM                  0x08014990   Data           4  os_cfg_app.o(.constdata)
    OSCfg_TmrWheelSize                       0x08014994   Data           2  os_cfg_app.o(.constdata)
    OSCfg_TmrWheelSizeRAM                    0x08014998   Data           4  os_cfg_app.o(.constdata)
    OSCfg_DataSizeRAM                        0x0801499c   Data           4  os_cfg_app.o(.constdata)
    OSDbg_DbgEn                              0x080149a0   Data           2  os_dbg.o(.constdata)
    OSDbg_ArgChkEn                           0x080149a2   Data           1  os_dbg.o(.constdata)
    OSDbg_AppHooksEn                         0x080149a3   Data           1  os_dbg.o(.constdata)
    OSDbg_EndiannessTest                     0x080149a4   Data           4  os_dbg.o(.constdata)
    OSDbg_CalledFromISRChkEn                 0x080149a8   Data           1  os_dbg.o(.constdata)
    OSDbg_FlagEn                             0x080149a9   Data           1  os_dbg.o(.constdata)
    OSDbg_FlagGrp                            0x080149ac   Data          40  os_dbg.o(.constdata)
    OSDbg_FlagDelEn                          0x080149d4   Data           1  os_dbg.o(.constdata)
    OSDbg_FlagModeClrEn                      0x080149d5   Data           1  os_dbg.o(.constdata)
    OSDbg_FlagPendAbortEn                    0x080149d6   Data           1  os_dbg.o(.constdata)
    OSDbg_FlagGrpSize                        0x080149d8   Data           2  os_dbg.o(.constdata)
    OSDbg_FlagWidth                          0x080149da   Data           2  os_dbg.o(.constdata)
    OSDbg_IntQ                               0x080149dc   Data           2  os_dbg.o(.constdata)
    OSDbg_ISRPostDeferredEn                  0x080149de   Data           1  os_dbg.o(.constdata)
    OSDbg_Mem                                0x080149e0   Data          32  os_dbg.o(.constdata)
    OSDbg_MemEn                              0x08014a00   Data           1  os_dbg.o(.constdata)
    OSDbg_MemSize                            0x08014a02   Data           2  os_dbg.o(.constdata)
    OSDbg_MsgEn                              0x08014a04   Data           1  os_dbg.o(.constdata)
    OSDbg_MsgSize                            0x08014a06   Data           2  os_dbg.o(.constdata)
    OSDbg_MsgPoolSize                        0x08014a08   Data           2  os_dbg.o(.constdata)
    OSDbg_MsgQSize                           0x08014a0a   Data           2  os_dbg.o(.constdata)
    OSDbg_Mutex                              0x08014a0c   Data          44  os_dbg.o(.constdata)
    OSDbg_MutexEn                            0x08014a38   Data           1  os_dbg.o(.constdata)
    OSDbg_MutexDelEn                         0x08014a39   Data           1  os_dbg.o(.constdata)
    OSDbg_MutexPendAbortEn                   0x08014a3a   Data           1  os_dbg.o(.constdata)
    OSDbg_MutexSize                          0x08014a3c   Data           2  os_dbg.o(.constdata)
    OSDbg_ObjTypeChkEn                       0x08014a3e   Data           1  os_dbg.o(.constdata)
    OSDbg_PendMultiEn                        0x08014a3f   Data           1  os_dbg.o(.constdata)
    OSDbg_PendDataSize                       0x08014a40   Data           2  os_dbg.o(.constdata)
    OSDbg_PendListSize                       0x08014a42   Data           2  os_dbg.o(.constdata)
    OSDbg_PendObjSize                        0x08014a44   Data           2  os_dbg.o(.constdata)
    OSDbg_PrioMax                            0x08014a46   Data           2  os_dbg.o(.constdata)
    OSDbg_PrioTblSize                        0x08014a48   Data           2  os_dbg.o(.constdata)
    OSDbg_PtrSize                            0x08014a4a   Data           2  os_dbg.o(.constdata)
    OSDbg_Q                                  0x08014a4c   Data          48  os_dbg.o(.constdata)
    OSDbg_QEn                                0x08014a7c   Data           1  os_dbg.o(.constdata)
    OSDbg_QDelEn                             0x08014a7d   Data           1  os_dbg.o(.constdata)
    OSDbg_QFlushEn                           0x08014a7e   Data           1  os_dbg.o(.constdata)
    OSDbg_QPendAbortEn                       0x08014a7f   Data           1  os_dbg.o(.constdata)
    OSDbg_QSize                              0x08014a80   Data           2  os_dbg.o(.constdata)
    OSDbg_SchedRoundRobinEn                  0x08014a82   Data           1  os_dbg.o(.constdata)
    OSDbg_Sem                                0x08014a84   Data          40  os_dbg.o(.constdata)
    OSDbg_SemEn                              0x08014aac   Data           1  os_dbg.o(.constdata)
    OSDbg_SemDelEn                           0x08014aad   Data           1  os_dbg.o(.constdata)
    OSDbg_SemPendAbortEn                     0x08014aae   Data           1  os_dbg.o(.constdata)
    OSDbg_SemSetEn                           0x08014aaf   Data           1  os_dbg.o(.constdata)
    OSDbg_SemSize                            0x08014ab0   Data           2  os_dbg.o(.constdata)
    OSDbg_RdyList                            0x08014ab2   Data           2  os_dbg.o(.constdata)
    OSDbg_RdyListSize                        0x08014ab4   Data           4  os_dbg.o(.constdata)
    OSDbg_StkWidth                           0x08014ab8   Data           1  os_dbg.o(.constdata)
    OSDbg_StatTaskEn                         0x08014ab9   Data           1  os_dbg.o(.constdata)
    OSDbg_StatTaskStkChkEn                   0x08014aba   Data           1  os_dbg.o(.constdata)
    OSDbg_TaskChangePrioEn                   0x08014abb   Data           1  os_dbg.o(.constdata)
    OSDbg_TaskDelEn                          0x08014abc   Data           1  os_dbg.o(.constdata)
    OSDbg_TaskQEn                            0x08014abd   Data           1  os_dbg.o(.constdata)
    OSDbg_TaskQPendAbortEn                   0x08014abe   Data           1  os_dbg.o(.constdata)
    OSDbg_TaskProfileEn                      0x08014abf   Data           1  os_dbg.o(.constdata)
    OSDbg_TaskRegTblSize                     0x08014ac0   Data           2  os_dbg.o(.constdata)
    OSDbg_TaskSemPendAbortEn                 0x08014ac2   Data           1  os_dbg.o(.constdata)
    OSDbg_TaskSuspendEn                      0x08014ac3   Data           1  os_dbg.o(.constdata)
    OSDbg_TCBSize                            0x08014ac4   Data           2  os_dbg.o(.constdata)
    OSDbg_TickSpokeSize                      0x08014ac6   Data           2  os_dbg.o(.constdata)
    OSDbg_TimeDlyHMSMEn                      0x08014ac8   Data           1  os_dbg.o(.constdata)
    OSDbg_TimeDlyResumeEn                    0x08014ac9   Data           1  os_dbg.o(.constdata)
    OSDbg_TLS_TblSize                        0x08014aca   Data           2  os_dbg.o(.constdata)
    OSDbg_Tmr                                0x08014acc   Data          52  os_dbg.o(.constdata)
    OSDbg_TmrEn                              0x08014b00   Data           1  os_dbg.o(.constdata)
    OSDbg_TmrDelEn                           0x08014b01   Data           1  os_dbg.o(.constdata)
    OSDbg_TmrSize                            0x08014b02   Data           2  os_dbg.o(.constdata)
    OSDbg_TmrSpokeSize                       0x08014b04   Data           2  os_dbg.o(.constdata)
    OSDbg_VersionNbr                         0x08014b06   Data           2  os_dbg.o(.constdata)
    OSDbg_DataSize                           0x08014b08   Data           4  os_dbg.o(.constdata)
    asc2_1206                                0x08014b0c   Data        1140  ili93xx.o(.constdata)
    asc2_1608                                0x08014f80   Data        1520  ili93xx.o(.constdata)
    asc2_2412                                0x08015570   Data        3420  ili93xx.o(.constdata)
    tfont16                                  0x080162cc   Data        2584  ili93xx.o(.constdata)
    tfont24                                  0x08016ce4   Data         962  ili93xx.o(.constdata)
    NUM_font32                               0x080170a6   Data         660  ili93xx.o(.constdata)
    tfont32                                  0x0801733a   Data        1040  ili93xx.o(.constdata)
    __ctype_table                            0x0801774a   Data         129  ctype_o.o(.constdata)
    Region$$Table$$Base                      0x080177d0   Number         0  anon$$obj.o(Region$$Table)
    Region$$Table$$Limit                     0x080177f0   Number         0  anon$$obj.o(Region$$Table)
    sendOver                                 0x20000000   Data           1  main.o(.data)
    keyConfirm                               0x20000001   Data           1  main.o(.data)
    SystemCoreClock                          0x20000004   Data           4  system_stm32f4xx.o(.data)
    AHBPrescTable                            0x20000008   Data          16  system_stm32f4xx.o(.data)
    __stdout                                 0x2000002c   Data           4  usart.o(.data)
    USART_RX_STA                             0x20000030   Data           2  usart.o(.data)
    CPU_TS_TmrFreq_Hz                        0x20000034   Data           4  cpu_core.o(.data)
    Mem_PoolTbl                              0x20000038   Data           4  lib_mem.o(.data)
    OSPrioTbl                                0x2000003c   Data           8  os_prio.o(.data)
    OS_AppTaskCreateHookPtr                  0x20000044   Data           4  os_var.o(.data)
    OS_AppTaskDelHookPtr                     0x20000048   Data           4  os_var.o(.data)
    OS_AppTaskReturnHookPtr                  0x2000004c   Data           4  os_var.o(.data)
    OS_AppIdleTaskHookPtr                    0x20000050   Data           4  os_var.o(.data)
    OS_AppStatTaskHookPtr                    0x20000054   Data           4  os_var.o(.data)
    OS_AppTaskSwHookPtr                      0x20000058   Data           4  os_var.o(.data)
    OS_AppTimeTickHookPtr                    0x2000005c   Data           4  os_var.o(.data)
    OSIdleTaskCtr                            0x20000060   Data           4  os_var.o(.data)
    OSIntNestingCtr                          0x20000064   Data           1  os_var.o(.data)
    OSRunning                                0x20000065   Data           1  os_var.o(.data)
    OSIntQInPtr                              0x20000068   Data           4  os_var.o(.data)
    OSIntQOutPtr                             0x2000006c   Data           4  os_var.o(.data)
    OSIntQNbrEntries                         0x20000070   Data           2  os_var.o(.data)
    OSIntQNbrEntriesMax                      0x20000072   Data           2  os_var.o(.data)
    OSIntQOvfCtr                             0x20000074   Data           2  os_var.o(.data)
    OSIntQTaskTimeMax                        0x20000078   Data           4  os_var.o(.data)
    OSFlagDbgListPtr                         0x2000007c   Data           4  os_var.o(.data)
    OSFlagQty                                0x20000080   Data           2  os_var.o(.data)
    OSMemDbgListPtr                          0x20000084   Data           4  os_var.o(.data)
    OSMemQty                                 0x20000088   Data           2  os_var.o(.data)
    OSMutexDbgListPtr                        0x2000008c   Data           4  os_var.o(.data)
    OSMutexQty                               0x20000090   Data           2  os_var.o(.data)
    OSPrioCur                                0x20000092   Data           1  os_var.o(.data)
    OSPrioHighRdy                            0x20000093   Data           1  os_var.o(.data)
    OSPrioSaved                              0x20000094   Data           1  os_var.o(.data)
    OSQDbgListPtr                            0x20000098   Data           4  os_var.o(.data)
    OSQQty                                   0x2000009c   Data           2  os_var.o(.data)
    OSSchedLockTimeBegin                     0x200000a0   Data           4  os_var.o(.data)
    OSSchedLockTimeMax                       0x200000a4   Data           4  os_var.o(.data)
    OSSchedLockTimeMaxCur                    0x200000a8   Data           4  os_var.o(.data)
    OSSchedLockNestingCtr                    0x200000ac   Data           1  os_var.o(.data)
    OSSchedRoundRobinDfltTimeQuanta          0x200000b0   Data           4  os_var.o(.data)
    OSSchedRoundRobinEn                      0x200000b4   Data           1  os_var.o(.data)
    OSSemDbgListPtr                          0x200000b8   Data           4  os_var.o(.data)
    OSSemQty                                 0x200000bc   Data           2  os_var.o(.data)
    OSStatResetFlag                          0x200000be   Data           1  os_var.o(.data)
    OSStatTaskCPUUsage                       0x200000c0   Data           2  os_var.o(.data)
    OSStatTaskCPUUsageMax                    0x200000c2   Data           2  os_var.o(.data)
    OSStatTaskCtr                            0x200000c4   Data           4  os_var.o(.data)
    OSStatTaskCtrMax                         0x200000c8   Data           4  os_var.o(.data)
    OSStatTaskCtrRun                         0x200000cc   Data           4  os_var.o(.data)
    OSStatTaskRdy                            0x200000d0   Data           1  os_var.o(.data)
    OSStatTaskTimeMax                        0x200000d4   Data           4  os_var.o(.data)
    OSTaskCtxSwCtr                           0x200000d8   Data           4  os_var.o(.data)
    OSTaskDbgListPtr                         0x200000dc   Data           4  os_var.o(.data)
    OSTaskQty                                0x200000e0   Data           2  os_var.o(.data)
    OSTaskRegNextAvailID                     0x200000e2   Data           1  os_var.o(.data)
    OSTickCtr                                0x200000e4   Data           4  os_var.o(.data)
    OSTickTaskTimeMax                        0x200000e8   Data           4  os_var.o(.data)
    OSTmrDbgListPtr                          0x200000ec   Data           4  os_var.o(.data)
    OSTmrQty                                 0x200000f0   Data           2  os_var.o(.data)
    OSTmrTaskTimeMax                         0x200000f4   Data           4  os_var.o(.data)
    OSTmrTickCtr                             0x200000f8   Data           4  os_var.o(.data)
    OSTmrUpdateCnt                           0x200000fc   Data           4  os_var.o(.data)
    OSTmrUpdateCtr                           0x20000100   Data           4  os_var.o(.data)
    OSTCBCurPtr                              0x20000104   Data           4  os_var.o(.data)
    OSTCBHighRdyPtr                          0x20000108   Data           4  os_var.o(.data)
    OS_CPU_ExceptStkBase                     0x2000010c   Data           4  os_cpu_c.o(.data)
    set_speed                                0x20000110   Data           4  demo_dio.o(.data)
    flag_turn                                0x20000114   Data           4  demo_dio.o(.data)
    flag_obstacles_front                     0x20000118   Data           4  demo_dio.o(.data)
    flag_obstacles_behind                    0x2000011c   Data           4  demo_dio.o(.data)
    queue1                                   0x20000120   Data           4  demo_dio.o(.data)
    flag_line                                0x20000124   Data           4  demo_dio.o(.data)
    flag_gray                                0x20000128   Data           4  demo_dio.o(.data)
    flag_obstacles                           0x2000012c   Data           4  demo_dio.o(.data)
    flag_queue                               0x20000130   Data           4  demo_dio.o(.data)
    stop                                     0x20000134   Data           4  demo_dio.o(.data)
    door                                     0x20000138   Data           4  demo_dio.o(.data)
    i                                        0x2000013c   Data           4  demo_dio.o(.data)
    act_angle                                0x20000140   Data           4  demo_dio.o(.data)
    l_circlenow                              0x20000146   Data           2  dio.o(.data)
    r_circlenow                              0x20000148   Data           2  dio.o(.data)
    half_s                                   0x2000014a   Data           2  dio.o(.data)
    POINT_COLOR                              0x2000014c   Data           2  ili93xx.o(.data)
    BACK_COLOR                               0x2000014e   Data           2  ili93xx.o(.data)
    pill1                                    0x20000150   Data           4  key.o(.data)
    pill2                                    0x20000154   Data           4  key.o(.data)
    pill3                                    0x20000158   Data           4  key.o(.data)
    pill4                                    0x2000015c   Data           4  key.o(.data)
    USART3_RX_STA                            0x20000162   Data           2  usart3.o(.data)
    mark1                                    0x20000168   Data           4  sendmedicine.o(.data)
    mark2                                    0x2000016c   Data           4  sendmedicine.o(.data)
    mark3                                    0x20000170   Data           4  sendmedicine.o(.data)
    esp8266_cnt                              0x20000174   Data           2  esp8266.o(.data)
    esp8266_cntPre                           0x20000176   Data           2  esp8266.o(.data)
    velue0                                   0x20000178   Data           1  onenet.o(.data)
    velue1                                   0x20000179   Data           1  onenet.o(.data)
    temp                                     0x2000017a   Data           1  onenet.o(.data)
    hum                                      0x2000017b   Data           1  onenet.o(.data)
    confirm                                  0x2000017c   Data           1  onenet.o(.data)
    reset                                    0x2000017d   Data           1  onenet.o(.data)
    way1                                     0x2000017e   Data           1  onenet.o(.data)
    way2                                     0x2000017f   Data           1  onenet.o(.data)
    way3                                     0x20000180   Data           1  onenet.o(.data)
    mode                                     0x20000181   Data           1  onenet.o(.data)
    medicine1                                0x20000182   Data           1  onenet.o(.data)
    medicine2                                0x20000183   Data           1  onenet.o(.data)
    medicine3                                0x20000184   Data           1  onenet.o(.data)
    medicine4                                0x20000185   Data           1  onenet.o(.data)
    time                                     0x20000186   Data           1  onenet.o(.data)
    count                                    0x20000187   Data           1  onenet.o(.data)
    p1                                       0x20000188   Data           1  onenet.o(.data)
    p2                                       0x20000189   Data           1  onenet.o(.data)
    p3                                       0x2000018a   Data           1  onenet.o(.data)
    p4                                       0x2000018b   Data           1  onenet.o(.data)
    pi1                                      0x2000018c   Data           1  onenet.o(.data)
    pi2                                      0x2000018d   Data           1  onenet.o(.data)
    pi3                                      0x2000018e   Data           1  onenet.o(.data)
    pi4                                      0x2000018f   Data           1  onenet.o(.data)
    pil1                                     0x20000190   Data           1  onenet.o(.data)
    pil2                                     0x20000191   Data           1  onenet.o(.data)
    pil3                                     0x20000192   Data           1  onenet.o(.data)
    pil4                                     0x20000193   Data           1  onenet.o(.data)
    __microlib_freelist                      0x20000194   Data           4  mvars.o(.data)
    __microlib_freelist_initialised          0x20000198   Data           4  mvars.o(.data)
    USART_RX_BUF                             0x200001a0   Data         200  usart.o(.bss)
    CPU_Name                                 0x20000268   Data          16  cpu_core.o(.bss)
    Mem_PoolHeap                             0x20000278   Data          72  lib_mem.o(.bss)
    Mem_Heap                                 0x200002c0   Data        1024  lib_mem.o(.bss)
    OSCfg_IdleTaskStk                        0x200006c0   Data         512  os_cfg_app.o(.bss)
    OSCfg_IntQ                               0x200008c0   Data         320  os_cfg_app.o(.bss)
    OSCfg_IntQTaskStk                        0x20000a00   Data         512  os_cfg_app.o(.bss)
    OSCfg_ISRStk                             0x20000c00   Data         512  os_cfg_app.o(.bss)
    OSCfg_MsgPool                            0x20000e00   Data        1600  os_cfg_app.o(.bss)
    OSCfg_StatTaskStk                        0x20001440   Data         512  os_cfg_app.o(.bss)
    OSCfg_TickTaskStk                        0x20001640   Data         512  os_cfg_app.o(.bss)
    OSCfg_TickWheel                          0x20001840   Data         136  os_cfg_app.o(.bss)
    OSCfg_TmrTaskStk                         0x200018c8   Data         512  os_cfg_app.o(.bss)
    OSCfg_TmrWheel                           0x20001ac8   Data         136  os_cfg_app.o(.bss)
    OSIdleTaskTCB                            0x20001b50   Data         196  os_var.o(.bss)
    OSIntQTaskTCB                            0x20001c14   Data         196  os_var.o(.bss)
    OSMsgPool                                0x20001cd8   Data          12  os_var.o(.bss)
    OSRdyList                                0x20001ce4   Data         768  os_var.o(.bss)
    OSStatTaskTCB                            0x20001fe4   Data         196  os_var.o(.bss)
    OSTickTaskTCB                            0x200020a8   Data         196  os_var.o(.bss)
    OSTmrTaskTCB                             0x2000216c   Data         196  os_var.o(.bss)
    lcddev                                   0x20002230   Data          14  ili93xx.o(.bss)
    esp8266_buf                              0x2000223e   Data         128  esp8266.o(.bss)
    message                                  0x200022be   Data          20  onenet.o(.bss)
    __heap_base                              0x200022d8   Data           0  startup_stm32f40_41xxx.o(HEAP)
    __heap_limit                             0x200024d8   Data           0  startup_stm32f40_41xxx.o(HEAP)
    __initial_sp                             0x200028d8   Data           0  startup_stm32f40_41xxx.o(STACK)



==============================================================================

Memory Map of the image

  Image Entry point : 0x08000189

  Load Region LR_IROM1 (Base: 0x08000000, Size: 0x00017990, Max: 0x00100000, ABSOLUTE, COMPRESSED[0x00017814])

    Execution Region ER_IROM1 (Base: 0x08000000, Size: 0x000177f0, Max: 0x00100000, ABSOLUTE)

    Base Addr    Size         Type   Attr      Idx    E Section Name        Object

    0x08000000   0x00000188   Data   RO          366    RESET               startup_stm32f40_41xxx.o
    0x08000188   0x00000000   Code   RO         1663  * .ARM.Collect$$$$00000000  mc_w.l(entry.o)
    0x08000188   0x00000004   Code   RO         2027    .ARM.Collect$$$$00000001  mc_w.l(entry2.o)
    0x0800018c   0x00000004   Code   RO         2030    .ARM.Collect$$$$00000004  mc_w.l(entry5.o)
    0x08000190   0x00000000   Code   RO         2032    .ARM.Collect$$$$00000008  mc_w.l(entry7b.o)
    0x08000190   0x00000000   Code   RO         2034    .ARM.Collect$$$$0000000A  mc_w.l(entry8b.o)
    0x08000190   0x00000008   Code   RO         2035    .ARM.Collect$$$$0000000B  mc_w.l(entry9a.o)
    0x08000198   0x00000000   Code   RO         2037    .ARM.Collect$$$$0000000D  mc_w.l(entry10a.o)
    0x08000198   0x00000000   Code   RO         2039    .ARM.Collect$$$$0000000F  mc_w.l(entry11a.o)
    0x08000198   0x00000004   Code   RO         2028    .ARM.Collect$$$$00002712  mc_w.l(entry2.o)
    0x0800019c   0x00000138   Code   RO            3    .text               main.o
    0x080002d4   0x00000016   Code   RO          291    .text               stm32f4xx_it.o
    0x080002ea   0x00000002   PAD
    0x080002ec   0x00000210   Code   RO          340    .text               system_stm32f4xx.o
    0x080004fc   0x00000024   Code   RO          367    .text               startup_stm32f40_41xxx.o
    0x08000520   0x000000e0   Code   RO          373    .text               misc.o
    0x08000600   0x00000294   Code   RO          393    .text               stm32f4xx_gpio.o
    0x08000894   0x0000065c   Code   RO          413    .text               stm32f4xx_rcc.o
    0x08000ef0   0x00000454   Code   RO          455    .text               stm32f4xx_usart.o
    0x08001344   0x00000148   Code   RO          558    .text               delay.o
    0x0800148c   0x000001d0   Code   RO          581    .text               sys.o
    0x0800165c   0x0000015c   Code   RO          604    .text               usart.o
    0x080017b8   0x00000084   Code   RO          635    .text               bsp.o
    0x0800183c   0x000002a8   Code   RO          668    .text               cpu_core.o
    0x08001ae4   0x00000034   Code   RO          694    .text               cpu_a.o
    0x08001b18   0x00000256   Code   RO          697    .text               lib_ascii.o
    0x08001d6e   0x00000002   PAD
    0x08001d70   0x000009c6   Code   RO          730    .text               lib_mem.o
    0x08002736   0x00000002   PAD
    0x08002738   0x0000092c   Code   RO          749    .text               lib_str.o
    0x08003064   0x00000220   Code   RO          766    .text               lib_mem_a.o
    0x08003284   0x000000fc   Code   RO          769    .text               os_cfg_app.o
    0x08003380   0x00000df0   Code   RO          792    .text               os_core.o
    0x08004170   0x000001b0   Code   RO          804    .text               os_dbg.o
    0x08004320   0x00000e28   Code   RO          819    .text               os_flag.o
    0x08005148   0x00000444   Code   RO          831    .text               os_int.o
    0x0800558c   0x00000238   Code   RO          843    .text               os_mem.o
    0x080057c4   0x0000022c   Code   RO          855    .text               os_msg.o
    0x080059f0   0x00000ad4   Code   RO          867    .text               os_mutex.o
    0x080064c4   0x0000007c   Code   RO          885    .text               os_prio.o
    0x08006540   0x000008d8   Code   RO          904    .text               os_q.o
    0x08006e18   0x00000830   Code   RO          916    .text               os_sem.o
    0x08007648   0x00000638   Code   RO          928    .text               os_stat.o
    0x08007c80   0x00001bb4   Code   RO          940    .text               os_task.o
    0x08009834   0x000004fc   Code   RO          952    .text               os_tick.o
    0x08009d30   0x00000564   Code   RO          964    .text               os_time.o
    0x0800a294   0x00000818   Code   RO          976    .text               os_tmr.o
    0x0800aaac   0x000003f8   Code   RO         1004    .text               os_cpu_c.o
    0x0800aea4   0x00000038   Code   RO         1045    .text               beep.o
    0x0800aedc   0x00000348   Code   RO         1113    .text               dio.o
    0x0800b224   0x0000558c   Code   RO         1140    .text               ili93xx.o
    0x080107b0   0x00000254   Code   RO         1182    .text               key.o
    0x08010a04   0x00000040   Code   RO         1206    .text               led.o
    0x08010a44   0x000002fc   Code   RO         1226    .text               pwm.o
    0x08010d40   0x000001d8   Code   RO         1314    .text               usart3.o
    0x08010f18   0x0000006c   Code   RO         1459    .text               greay_init2.o
    0x08010f84   0x00000224   Code   RO         1479    .text               sendmedicine.o
    0x080111a8   0x000001e0   Code   RO         1503    .text               dht11.o
    0x08011388   0x000002e8   Code   RO         1523    .text               esp8266.o
    0x08011670   0x00000de4   Code   RO         1548    .text               mqttkit.o
    0x08012454   0x00000d94   Code   RO         1578    .text               onenet.o
    0x080131e8   0x00000062   Code   RO         1666    .text               mc_w.l(uldiv.o)
    0x0801324a   0x00000024   Code   RO         1668    .text               mc_w.l(memcpya.o)
    0x0801326e   0x00000024   Code   RO         1670    .text               mc_w.l(memseta.o)
    0x08013292   0x00000018   Code   RO         1672    .text               mc_w.l(strcat.o)
    0x080132aa   0x00000024   Code   RO         1674    .text               mc_w.l(strstr.o)
    0x080132ce   0x00000014   Code   RO         1676    .text               mc_w.l(strchr.o)
    0x080132e2   0x0000000e   Code   RO         1678    .text               mc_w.l(strlen.o)
    0x080132f0   0x00000028   Code   RO         1680    .text               mc_w.l(strncat.o)
    0x08013318   0x00000012   Code   RO         1682    .text               mc_w.l(strcpy.o)
    0x0801332a   0x0000001a   Code   RO         1975    .text               mc_w.l(atoi.o)
    0x08013344   0x0000014e   Code   RO         1977    .text               mf_w.l(dadd.o)
    0x08013492   0x000000e4   Code   RO         1979    .text               mf_w.l(dmul.o)
    0x08013576   0x000000de   Code   RO         1981    .text               mf_w.l(ddiv.o)
    0x08013654   0x0000001a   Code   RO         1985    .text               mf_w.l(dfltui.o)
    0x0801366e   0x00000032   Code   RO         1989    .text               mf_w.l(dfixui.o)
    0x080136a0   0x00000030   Code   RO         1995    .text               mf_w.l(cdrcmple.o)
    0x080136d0   0x0000002c   Code   RO         2041    .text               mc_w.l(uidiv.o)
    0x080136fc   0x0000001e   Code   RO         2043    .text               mc_w.l(llshl.o)
    0x0801371a   0x00000020   Code   RO         2045    .text               mc_w.l(llushr.o)
    0x0801373a   0x00000024   Code   RO         2047    .text               mc_w.l(llsshr.o)
    0x0801375e   0x00000070   Code   RO         2058    .text               mc_w.l(strtol.o)
    0x080137ce   0x00000000   Code   RO         2060    .text               mc_w.l(iusefp.o)
    0x080137ce   0x000000ba   Code   RO         2063    .text               mf_w.l(depilogue.o)
    0x08013888   0x00000030   Code   RO         2067    .text               mf_w.l(dfixul.o)
    0x080138b8   0x00000024   Code   RO         2073    .text               mc_w.l(init.o)
    0x080138dc   0x00000008   Code   RO         2075    .text               mc_w.l(ctype_o.o)
    0x080138e4   0x0000009e   Code   RO         2103    .text               mc_w.l(_strtoul.o)
    0x08013982   0x0000001c   Code   RO         2105    .text               mc_w.l(_chval.o)
    0x0801399e   0x00000056   Code   RO         2115    .text               mc_w.l(__dczerorl2.o)
    0x080139f4   0x000000ac   Code   RO         1028    CODE                os_cpu_a.o
    0x08013aa0   0x00000020   Code   RO         1819    i.__0printf$5       mc_w.l(printf5.o)
    0x08013ac0   0x00000028   Code   RO         1821    i.__0sprintf$5      mc_w.l(printf5.o)
    0x08013ae8   0x00000024   Code   RO         1924    i.__0vsnprintf      mc_w.l(printfa.o)
    0x08013b0c   0x00000008   Code   RO         2051    i.__aeabi_errno_addr  mc_w.l(errno.o)
    0x08013b14   0x0000000e   Code   RO         2109    i.__scatterload_copy  mc_w.l(handlers.o)
    0x08013b22   0x00000002   Code   RO         2110    i.__scatterload_null  mc_w.l(handlers.o)
    0x08013b24   0x0000000e   Code   RO         2111    i.__scatterload_zeroinit  mc_w.l(handlers.o)
    0x08013b32   0x00000002   PAD
    0x08013b34   0x00000164   Code   RO         1926    i._fp_digits        mc_w.l(printfa.o)
    0x08013c98   0x000002c0   Code   RO         1826    i._printf_core      mc_w.l(printf5.o)
    0x08013f58   0x000006dc   Code   RO         1927    i._printf_core      mc_w.l(printfa.o)
    0x08014634   0x00000024   Code   RO         1928    i._printf_post_padding  mc_w.l(printfa.o)
    0x08014658   0x0000002e   Code   RO         1929    i._printf_pre_padding  mc_w.l(printfa.o)
    0x08014686   0x00000016   Code   RO         1930    i._snputc           mc_w.l(printfa.o)
    0x0801469c   0x0000000a   Code   RO         1828    i._sputc            mc_w.l(printf5.o)
    0x080146a6   0x00000002   PAD
    0x080146a8   0x00000050   Code   RO         1947    i.free              mc_w.l(malloc.o)
    0x080146f8   0x0000006c   Code   RO         1948    i.malloc            mc_w.l(malloc.o)
    0x08014764   0x00000104   Data   RO          670    .constdata          cpu_core.o
    0x08014868   0x00000094   Data   RO          750    .constdata          lib_str.o
    0x080148fc   0x000000a4   Data   RO          771    .constdata          os_cfg_app.o
    0x080149a0   0x0000016c   Data   RO          805    .constdata          os_dbg.o
    0x08014b0c   0x00002c3e   Data   RO         1142    .constdata          ili93xx.o
    0x0801774a   0x00000081   Data   RO         2076    .constdata          mc_w.l(ctype_o.o)
    0x080177cb   0x00000001   PAD
    0x080177cc   0x00000004   Data   RO         2077    .constdata          mc_w.l(ctype_o.o)
    0x080177d0   0x00000020   Data   RO         2107    Region$$Table       anon$$obj.o


    Execution Region RW_IRAM1 (Base: 0x20000000, Size: 0x000028d8, Max: 0x00020000, ABSOLUTE, COMPRESSED[0x00000024])

    Base Addr    Size         Type   Attr      Idx    E Section Name        Object

    0x20000000   0x00000002   Data   RW            5    .data               main.o
    0x20000002   0x00000002   PAD
    0x20000004   0x00000014   Data   RW          341    .data               system_stm32f4xx.o
    0x20000018   0x00000010   Data   RW          414    .data               stm32f4xx_rcc.o
    0x20000028   0x00000004   Data   RW          559    .data               delay.o
    0x2000002c   0x00000006   Data   RW          606    .data               usart.o
    0x20000032   0x00000002   PAD
    0x20000034   0x00000004   Data   RW          671    .data               cpu_core.o
    0x20000038   0x00000004   Data   RW          732    .data               lib_mem.o
    0x2000003c   0x00000008   Data   RW          886    .data               os_prio.o
    0x20000044   0x000000c8   Data   RW          989    .data               os_var.o
    0x2000010c   0x00000004   Data   RW         1005    .data               os_cpu_c.o
    0x20000110   0x00000035   Data   RW         1066    .data               demo_dio.o
    0x20000145   0x00000001   PAD
    0x20000146   0x00000006   Data   RW         1114    .data               dio.o
    0x2000014c   0x00000004   Data   RW         1143    .data               ili93xx.o
    0x20000150   0x00000012   Data   RW         1183    .data               key.o
    0x20000162   0x00000004   Data   RW         1316    .data               usart3.o
    0x20000166   0x00000002   PAD
    0x20000168   0x0000000c   Data   RW         1480    .data               sendmedicine.o
    0x20000174   0x00000004   Data   RW         1525    .data               esp8266.o
    0x20000178   0x0000001c   Data   RW         1580    .data               onenet.o
    0x20000194   0x00000004   Data   RW         2049    .data               mc_w.l(mvars.o)
    0x20000198   0x00000004   Data   RW         2050    .data               mc_w.l(mvars.o)
    0x2000019c   0x00000004   Data   RW         2054    .data               mc_w.l(errno.o)
    0x200001a0   0x000000c8   Zero   RW          605    .bss                usart.o
    0x20000268   0x00000010   Zero   RW          669    .bss                cpu_core.o
    0x20000278   0x00000448   Zero   RW          731    .bss                lib_mem.o
    0x200006c0   0x00001490   Zero   RW          770    .bss                os_cfg_app.o
    0x20001b50   0x000006e0   Zero   RW          988    .bss                os_var.o
    0x20002230   0x0000000e   Zero   RW         1141    .bss                ili93xx.o
    0x2000223e   0x00000080   Zero   RW         1524    .bss                esp8266.o
    0x200022be   0x00000014   Zero   RW         1579    .bss                onenet.o
    0x200022d2   0x00000006   PAD
    0x200022d8   0x00000200   Zero   RW          365    HEAP                startup_stm32f40_41xxx.o
    0x200024d8   0x00000400   Zero   RW          364    STACK               startup_stm32f40_41xxx.o


==============================================================================

Image component sizes


      Code (inc. data)   RO Data    RW Data    ZI Data      Debug   Object Name

        56         14          0          0          0        488   beep.o
       132         14          0          0          0       1227   bsp.o
        52          0          0          0          0        344   cpu_a.o
       680         14        260          4         16      14723   cpu_core.o
       328         24          0          4          0       1889   delay.o
         0          0          0         53          0        688   demo_dio.o
       480         18          0          0          0       2301   dht11.o
       840         66          0          6          0       2007   dio.o
       744        266          0          4        128       2949   esp8266.o
       108         24          0          0          0        518   greay_init2.o
     21900        324      11326          4         14      28220   ili93xx.o
       596         64          0         18          0       1476   key.o
        64         16          0          0          0        483   led.o
       598          0          0          0          0       3804   lib_ascii.o
      2502         32          0          4       1096      21984   lib_mem.o
       544          0          0          0          0        488   lib_mem_a.o
      2348          6        148          0          0      13242   lib_str.o
       312         24          0          2          0     305434   main.o
       224         20          0          0          0       2005   misc.o
      3556         40          0          0          0      14819   mqttkit.o
      3476       1454          0         28         20       5920   onenet.o
       252        166        164          0       5264      20994   os_cfg_app.o
      3568        284          0          0          0      12249   os_core.o
       172         32          0          0          0        408   os_cpu_a.o
      1016         64          0          4          0       4113   os_cpu_c.o
       432        286        364          0          0       4833   os_dbg.o
      3624        110          0          0          0       7963   os_flag.o
      1092        146          0          0          0       2340   os_int.o
       568         20          0          0          0       2836   os_mem.o
       556         12          0          0          0       2847   os_msg.o
      2772        114          0          0          0       5654   os_mutex.o
       124          4          0          8          0       1976   os_prio.o
      2264         76          0          0          0       6332   os_q.o
      2096         70          0          0          0       6348   os_sem.o
      1592        180          0          0          0       2841   os_stat.o
      7092        270          0          0          0      13710   os_task.o
      1276         90          0          0          0       3445   os_tick.o
      1380         46          0          0          0       3237   os_time.o
      2072        140          0          0          0       6534   os_tmr.o
         0          0          0        200       1760      19381   os_var.o
       764         22          0          0          0       2949   pwm.o
       548         36          0         12          0       1430   sendmedicine.o
        36          8        392          0       1536        840   startup_stm32f40_41xxx.o
       660         44          0          0          0       4277   stm32f4xx_gpio.o
        22          0          0          0          0       1059   stm32f4xx_it.o
      1628         52          0         16          0      13116   stm32f4xx_rcc.o
      1108         34          0          0          0       7980   stm32f4xx_usart.o
       464         14          0          0          0       2103   sys.o
       528         46          0         20          0       1851   system_stm32f4xx.o
       348         18          0          6        200       3442   usart.o
       472         28          0          4          0       3072   usart3.o

    ----------------------------------------------------------------------
     78072       4832      12686        404      10040     595169   Object Totals
         0          0         32          0          0          0   (incl. Generated)
         6          0          0          7          6          0   (incl. Padding)

    ----------------------------------------------------------------------

      Code (inc. data)   RO Data    RW Data    ZI Data      Debug   Library Member Name

        86          0          0          0          0          0   __dczerorl2.o
        28          0          0          0          0         68   _chval.o
       158          0          0          0          0         92   _strtoul.o
        26          0          0          0          0         80   atoi.o
         8          4        133          0          0         68   ctype_o.o
         0          0          0          0          0          0   entry.o
         0          0          0          0          0          0   entry10a.o
         0          0          0          0          0          0   entry11a.o
         8          4          0          0          0          0   entry2.o
         4          0          0          0          0          0   entry5.o
         0          0          0          0          0          0   entry7b.o
         0          0          0          0          0          0   entry8b.o
         8          4          0          0          0          0   entry9a.o
         8          4          0          4          0         68   errno.o
        30          0          0          0          0          0   handlers.o
        36          8          0          0          0         68   init.o
         0          0          0          0          0          0   iusefp.o
        30          0          0          0          0         68   llshl.o
        36          0          0          0          0         68   llsshr.o
        32          0          0          0          0         68   llushr.o
       188         20          0          0          0        160   malloc.o
        36          0          0          0          0         68   memcpya.o
        36          0          0          0          0        108   memseta.o
         0          0          0          8          0          0   mvars.o
       786         62          0          0          0        336   printf5.o
      2252         84          0          0          0        508   printfa.o
        24          0          0          0          0         68   strcat.o
        20          0          0          0          0         68   strchr.o
        18          0          0          0          0         68   strcpy.o
        14          0          0          0          0         68   strlen.o
        40          0          0          0          0         76   strncat.o
        36          0          0          0          0         80   strstr.o
       112          0          0          0          0         88   strtol.o
        44          0          0          0          0         80   uidiv.o
        98          0          0          0          0         92   uldiv.o
        48          0          0          0          0         68   cdrcmple.o
       334          0          0          0          0        148   dadd.o
       222          0          0          0          0        100   ddiv.o
       186          0          0          0          0        176   depilogue.o
        50          0          0          0          0         76   dfixui.o
        48          0          0          0          0         68   dfixul.o
        26          0          0          0          0         76   dfltui.o
       228          0          0          0          0         96   dmul.o

    ----------------------------------------------------------------------
      5348        190        134         12          0       3324   Library Totals
         4          0          1          0          0          0   (incl. Padding)

    ----------------------------------------------------------------------

      Code (inc. data)   RO Data    RW Data    ZI Data      Debug   Library Name

      4202        190        133         12          0       2516   mc_w.l
      1142          0          0          0          0        808   mf_w.l

    ----------------------------------------------------------------------
      5348        190        134         12          0       3324   Library Totals

    ----------------------------------------------------------------------

==============================================================================


      Code (inc. data)   RO Data    RW Data    ZI Data      Debug   

     83420       5022      12820        416      10040     586805   Grand Totals
     83420       5022      12820         36      10040     586805   ELF Image Totals (compressed)
     83420       5022      12820         36          0          0   ROM Totals

==============================================================================

    Total RO  Size (Code + RO Data)                96240 (  93.98kB)
    Total RW  Size (RW Data + ZI Data)             10456 (  10.21kB)
    Total ROM Size (Code + RO Data + RW Data)      96276 (  94.02kB)

==============================================================================

